Total Number of Aligned Reads:	22104	Total Number of Mapped Genomes:	3
Genome	Final Guess	Final Best Hit	Final Best Hit Read Numbers	Final High Confidence Hits	Final Low Confidence Hits	Initial Guess	Initial Best Hit	Initial Best Hit Read Numbers	Initial High Confidence Hits	Initial Low Confidence Hits
S_epidermidis.LRKNS118	0.5758179500188048	0.45150199058993845	9980.0	0.45150199058993845	0.0	0.5758179502891367	0.45150199058993845	9980.0	0.45150199058993845	0.0
Lactobacillus_gasseri	0.4047208765683257	0.3166847629388346	7000.0	0.3166847629388346	0.0	0.40472087629799375	0.3166847629388346	7000.0	0.3166847629388346	0.0
Campylobacter_upsaliensis	0.019461173413168754	0.23181324647122692	5124.0	0.23181324647122692	0.0	0.019461173413168754	0.23181324647122692	5124.0	0.23181324647122692	0.0
